[transformers] The fast path is not available because one of the required library is not installed. Falling back to torch implementation. To install follow https://github.com/fla-org/flash-linear-attention#installation and https://github.com/Dao-AILab/causal-conv1d
Loading weights:   0%|          | 0/473 [00:00<?, ?it/s]Loading weights: 100%|██████████| 473/473 [00:00<00:00, 18341.14it/s]
{"step": 1, "total_steps": 1221, "tokens": 4096, "learning_rate": 5.999999999999999e-06, "grad_norm": 0.19604305922985077, "losses": {"trained_linear": 2.0081355571746826, "low_rank_64": 2.0, "low_rank_128": 2.0, "low_rank_256": 2.0, "multi_layer_fusion": 2.007138252258301}, "elapsed_seconds": 0.7793535279997741}
{"step": 100, "total_steps": 1221, "tokens": 409600, "learning_rate": 0.0003, "grad_norm": 0.3378300964832306, "losses": {"trained_linear": 1.6371045112609863, "low_rank_64": 1.5229616165161133, "low_rank_128": 1.3987756967544556, "low_rank_256": 1.2576134204864502, "multi_layer_fusion": 1.693283200263977}, "elapsed_seconds": 36.84983179499977}
{"step": 200, "total_steps": 1221, "tokens": 819200, "learning_rate": 0.00029414798434749623, "grad_norm": 0.1763000190258026, "losses": {"trained_linear": 1.2587850093841553, "low_rank_64": 1.125807762145996, "low_rank_128": 1.0370070934295654, "low_rank_256": 0.9452533721923828, "multi_layer_fusion": 1.3325510025024414}, "elapsed_seconds": 73.51585095100017}
{"step": 300, "total_steps": 1221, "tokens": 1228800, "learning_rate": 0.0002770485518859469, "grad_norm": 0.12219937890768051, "losses": {"trained_linear": 1.0692262649536133, "low_rank_64": 0.994114875793457, "low_rank_128": 0.9099040627479553, "low_rank_256": 0.8159562945365906, "multi_layer_fusion": 1.1431772708892822}, "elapsed_seconds": 109.6761239649968}
{"step": 400, "total_steps": 1221, "tokens": 1638400, "learning_rate": 0.00025003591790087094, "grad_norm": 0.0993550568819046, "losses": {"trained_linear": 0.9418112635612488, "low_rank_64": 0.9394125938415527, "low_rank_128": 0.8464826941490173, "low_rank_256": 0.7421616315841675, "multi_layer_fusion": 1.0095981359481812}, "elapsed_seconds": 146.21065950299817}
{"step": 500, "total_steps": 1221, "tokens": 2048000, "learning_rate": 0.00021521779381754864, "grad_norm": 0.09368111938238144, "losses": {"trained_linear": 0.8524929285049438, "low_rank_64": 0.8785187005996704, "low_rank_128": 0.7821848392486572, "low_rank_256": 0.6744025945663452, "multi_layer_fusion": 0.9204124212265015}, "elapsed_seconds": 183.05540671199924}
{"step": 600, "total_steps": 1221, "tokens": 2457600, "learning_rate": 0.00017531092906433222, "grad_norm": 0.0853462666273117, "losses": {"trained_linear": 0.7935682535171509, "low_rank_64": 0.8546608686447144, "low_rank_128": 0.7522968053817749, "low_rank_256": 0.640511155128479, "multi_layer_fusion": 0.8549957275390625}, "elapsed_seconds": 219.89531075599734}
{"step": 700, "total_steps": 1221, "tokens": 2867200, "learning_rate": 0.00013342913160359734, "grad_norm": 0.08517491817474365, "losses": {"trained_linear": 0.7471347451210022, "low_rank_64": 0.8357741832733154, "low_rank_128": 0.7310968637466431, "low_rank_256": 0.6150674819946289, "multi_layer_fusion": 0.8022730350494385}, "elapsed_seconds": 256.0223039269986}
{"step": 800, "total_steps": 1221, "tokens": 3276800, "learning_rate": 9.284030722594684e-05, "grad_norm": 0.07916253060102463, "losses": {"trained_linear": 0.7186402678489685, "low_rank_64": 0.8063255548477173, "low_rank_128": 0.696781575679779, "low_rank_256": 0.5787866115570068, "multi_layer_fusion": 0.7756683826446533}, "elapsed_seconds": 292.95812390799983}
{"step": 900, "total_steps": 1221, "tokens": 3686400, "learning_rate": 5.671147507237717e-05, "grad_norm": 0.07407580316066742, "losses": {"trained_linear": 0.710799515247345, "low_rank_64": 0.8025562763214111, "low_rank_128": 0.692988932132721, "low_rank_256": 0.575487494468689, "multi_layer_fusion": 0.764314591884613}, "elapsed_seconds": 329.87041747499825}
{"step": 1000, "total_steps": 1221, "tokens": 4096000, "learning_rate": 2.7861655026480006e-05, "grad_norm": 0.07530055940151215, "losses": {"trained_linear": 0.6888272762298584, "low_rank_64": 0.7865521907806396, "low_rank_128": 0.6772457361221313, "low_rank_256": 0.5600159168243408, "multi_layer_fusion": 0.7412351369857788}, "elapsed_seconds": 366.72788138800024}
{"step": 1100, "total_steps": 1221, "tokens": 4505600, "learning_rate": 8.54190840132879e-06, "grad_norm": 0.07715603709220886, "losses": {"trained_linear": 0.6961865425109863, "low_rank_64": 0.7971151471138, "low_rank_128": 0.6872600317001343, "low_rank_256": 0.5697046518325806, "multi_layer_fusion": 0.7496307492256165}, "elapsed_seconds": 403.56555514799766}
{"step": 1200, "total_steps": 1221, "tokens": 4915200, "learning_rate": 2.5969465896066853e-07, "grad_norm": 0.07243768125772476, "losses": {"trained_linear": 0.683829665184021, "low_rank_64": 0.7913872003555298, "low_rank_128": 0.678163468837738, "low_rank_256": 0.5579683184623718, "multi_layer_fusion": 0.7337401509284973}, "elapsed_seconds": 440.36531345599724}
{"step": 1221, "total_steps": 1221, "tokens": 4999936, "learning_rate": 0.0, "grad_norm": 0.08209695667028427, "losses": {"trained_linear": 0.6927394866943359, "low_rank_64": 0.7903956174850464, "low_rank_128": 0.6771457195281982, "low_rank_256": 0.5575123429298401, "multi_layer_fusion": 0.7469792366027832}, "elapsed_seconds": 447.8391473899974}
{
  "checkpoint": "/home/liu/CED/checkpoints/phase1_corrected/layer19_kv_probes.pt",
  "steps": 1221,
  "tokens": 4999936,
  "elapsed_seconds": 447.8392348939997
}
