[transformers] The fast path is not available because one of the required library is not installed. Falling back to torch implementation. To install follow https://github.com/fla-org/flash-linear-attention#installation and https://github.com/Dao-AILab/causal-conv1d
Loading weights:   0%|          | 0/473 [00:00<?, ?it/s]Loading weights: 100%|██████████| 473/473 [00:00<00:00, 15721.33it/s]
{
  "status": "EVALUATION_FINISHED",
  "gate_enabled": false,
  "runtime_validation": {
    "status": "PASS",
    "checks": "native parity for full/reject; exact confidence-before-vocab call order; three direct h12 projectors; KV growth; held deep GDN C/S and flags; full resume; partial RoPE"
  },
  "static_test": {
    "k16": 0.2055029033217579,
    "v16": 0.27548160310834646,
    "k20": 0.16112756240181625,
    "v20": 0.37471158895641565,
    "k24": 0.21582869091071188,
    "v24": 0.21849245205521584,
    "ce": 6.298562270753524,
    "kd": 3.3836789777758076,
    "teacher_ce": 3.2613998314256176,
    "top1_agreement": 0.30897671602775945,
    "kv": 0.24185746679237732,
    "selection_loss": 9.924098715321708,
    "targets": 32640
  },
  "confidence_test": {
    "bce": 0.44487088369388206,
    "brier": 0.14743182080413816,
    "positive_rate": 0.3089767098426819,
    "tokens": 32640,
    "threshold": null,
    "accepted": 0,
    "coverage": 0.0,
    "disagreement": null
  },
  "rollout_cases": 40,
  "generation_pairs": 8,
  "limits": "Diagnostic English WikiText only. Fixed oracle controls cost full shadow steps and are never speed results. Quality/speed acceptance requires reviewing continuations and generation; no automatic PASS.",
  "elapsed_seconds": 107.36765575000027,
  "peak_allocated_mib": 1881.953125,
  "quality_status": "DIAGNOSTIC_ONLY_NOT_A_GENERALIZATION_CLAIM"
}
