[transformers] The fast path is not available because one of the required library is not installed. Falling back to torch implementation. To install follow https://github.com/fla-org/flash-linear-attention#installation and https://github.com/Dao-AILab/causal-conv1d
Loading weights:   0%|          | 0/473 [00:00<?, ?it/s]Loading weights: 100%|██████████| 473/473 [00:00<00:00, 18983.84it/s]
{
  "status": "NO_ELIGIBLE_THRESHOLD",
  "threshold": null,
  "selected": null,
  "curve": [
    {
      "threshold": 0.5,
      "accepted": 0,
      "errors": 0,
      "coverage": 0.0,
      "disagreement": null
    },
    {
      "threshold": 0.6,
      "accepted": 0,
      "errors": 0,
      "coverage": 0.0,
      "disagreement": null
    },
    {
      "threshold": 0.7,
      "accepted": 0,
      "errors": 0,
      "coverage": 0.0,
      "disagreement": null
    },
    {
      "threshold": 0.8,
      "accepted": 0,
      "errors": 0,
      "coverage": 0.0,
      "disagreement": null
    },
    {
      "threshold": 0.85,
      "accepted": 0,
      "errors": 0,
      "coverage": 0.0,
      "disagreement": null
    },
    {
      "threshold": 0.9,
      "accepted": 0,
      "errors": 0,
      "coverage": 0.0,
      "disagreement": null
    },
    {
      "threshold": 0.92,
      "accepted": 0,
      "errors": 0,
      "coverage": 0.0,
      "disagreement": null
    },
    {
      "threshold": 0.94,
      "accepted": 0,
      "errors": 0,
      "coverage": 0.0,
      "disagreement": null
    },
    {
      "threshold": 0.96,
      "accepted": 0,
      "errors": 0,
      "coverage": 0.0,
      "disagreement": null
    },
    {
      "threshold": 0.97,
      "accepted": 0,
      "errors": 0,
      "coverage": 0.0,
      "disagreement": null
    },
    {
      "threshold": 0.98,
      "accepted": 0,
      "errors": 0,
      "coverage": 0.0,
      "disagreement": null
    },
    {
      "threshold": 0.99,
      "accepted": 0,
      "errors": 0,
      "coverage": 0.0,
      "disagreement": null
    },
    {
      "threshold": 0.995,
      "accepted": 0,
      "errors": 0,
      "coverage": 0.0,
      "disagreement": null
    },
    {
      "threshold": 0.999,
      "accepted": 0,
      "errors": 0,
      "coverage": 0.0,
      "disagreement": null
    }
  ],
  "interpretation": "Teacher top-1 agreement only; correlated tokens and threshold search preclude a formal risk guarantee. No eligible threshold disables early exit.",
  "metrics": {
    "bce": 0.5005405990516438,
    "brier": 0.15557948912150102,
    "positive_rate": 0.04534313827753067,
    "tokens": 8160
  },
  "elapsed_seconds": 4.269723158999113,
  "peak_allocated_mib": 1764.177734375,
  "quality_status": "DIAGNOSTIC_ONLY_NOT_A_GENERALIZATION_CLAIM"
}
